// Jest Snapshot v1, https://goo.gl/fbAQLP

exports[`HomeView -> ListPlants should match snapshot 1`] = `
<div>
  <h1
    class="title font-bold text-xl mb-4"
  >
    
    Mis plantas
  
  </h1>
   
  <ul>
    <li>
      <button
        class="border border-black text-3xl rounded-full py-1 px-3"
        data-test-id="add-button"
      >
        
        +
      
      </button>
    </li>
  </ul>
</div>
`;
